[    0.000000] Linux version 4.15.0-112-generic (buildd@lcy01-amd64-027) (gcc version 7.5.0 (Ubuntu 7.5.0-3ubuntu1~18.04)) #113-Ubuntu SMP Thu Jul 9 23:41:39 UTC 2020 (Ubuntu 4.15.0-112.113-generic 4.15.18)
[    0.000000] Command line: BOOT_IMAGE=/boot/vmlinuz-4.15.0-112-generic root=LABEL=cloudimg-rootfs ro console=tty1 console=ttyS0
[    0.000000] KERNEL supported cpus:
[    0.000000]   Intel GenuineIntel
[    0.000000]   AMD AuthenticAMD
[    0.000000]   Centaur CentaurHauls
[    0.000000] x86/fpu: Supporting XSAVE feature 0x001: 'x87 floating point registers'
[    0.000000] x86/fpu: Supporting XSAVE feature 0x002: 'SSE registers'
[    0.000000] x86/fpu: Supporting XSAVE feature 0x004: 'AVX registers'
[    0.000000] x86/fpu: xstate_offset[2]:  576, xstate_sizes[2]:  256
[    0.000000] x86/fpu: Enabled xstate features 0x7, context size is 832 bytes, using 'standard' format.
[    0.000000] e820: BIOS-provided physical RAM map:
[    0.000000] BIOS-e820: [mem 0x0000000000000000-0x000000000009fbff] usable
[    0.000000] BIOS-e820: [mem 0x000000000009fc00-0x000000000009ffff] reserved
[    0.000000] BIOS-e820: [mem 0x00000000000f0000-0x00000000000fffff] reserved
[    0.000000] BIOS-e820: [mem 0x0000000000100000-0x000000003ffeffff] usable
[    0.000000] BIOS-e820: [mem 0x000000003fff0000-0x000000003fffffff] ACPI data
[    0.000000] BIOS-e820: [mem 0x00000000fec00000-0x00000000fec00fff] reserved
[    0.000000] BIOS-e820: [mem 0x00000000fee00000-0x00000000fee00fff] reserved
[    0.000000] BIOS-e820: [mem 0x00000000fffc0000-0x00000000ffffffff] reserved
[    0.000000] NX (Execute Disable) protection: active
[    0.000000] SMBIOS 2.5 present.
[    0.000000] DMI: innotek GmbH VirtualBox/VirtualBox, BIOS VirtualBox 12/01/2006
[    0.000000] Hypervisor detected: KVM
[    0.000000] e820: last_pfn = 0x3fff0 max_arch_pfn = 0x400000000
[    0.000000] MTRR: Disabled
[    0.000000] x86/PAT: MTRRs disabled, skipping PAT initialization too.
[    0.000000] CPU MTRRs all blank - virtualized system.
[    0.000000] x86/PAT: Configuration [0-7]: WB  WT  UC- UC  WB  WT  UC- UC  
[    0.000000] found SMP MP-table at [mem 0x0009fff0-0x0009ffff]
[    0.000000] Scanning 1 areas for low memory corruption
[    0.000000] RAMDISK: [mem 0x35a69000-0x36d2bfff]
[    0.000000] ACPI: Early table checksum verification disabled
[    0.000000] ACPI: RSDP 0x00000000000E0000 000024 (v02 VBOX  )
[    0.000000] ACPI: XSDT 0x000000003FFF0030 00003C (v01 VBOX   VBOXXSDT 00000001 ASL  00000061)
[    0.000000] ACPI: FACP 0x000000003FFF00F0 0000F4 (v04 VBOX   VBOXFACP 00000001 ASL  00000061)
[    0.000000] ACPI: DSDT 0x000000003FFF0470 002325 (v02 VBOX   VBOXBIOS 00000002 INTL 20100528)
[    0.000000] ACPI: FACS 0x000000003FFF0200 000040
[    0.000000] ACPI: FACS 0x000000003FFF0200 000040
[    0.000000] ACPI: APIC 0x000000003FFF0240 00005C (v02 VBOX   VBOXAPIC 00000001 ASL  00000061)
[    0.000000] ACPI: SSDT 0x000000003FFF02A0 0001CC (v01 VBOX   VBOXCPUT 00000002 INTL 20100528)
[    0.000000] No NUMA configuration found
[    0.000000] Faking a node at [mem 0x0000000000000000-0x000000003ffeffff]
[    0.000000] NODE_DATA(0) allocated [mem 0x3ffc5000-0x3ffeffff]
[    0.000000] kvm-clock: cpu 0, msr 0:3ff44001, primary cpu clock
[    0.000000] kvm-clock: Using msrs 4b564d01 and 4b564d00
[    0.000000] kvm-clock: using sched offset of 5687231403 cycles
[    0.000000] clocksource: kvm-clock: mask: 0xffffffffffffffff max_cycles: 0x1cd42e4dffb, max_idle_ns: 881590591483 ns
[    0.000000] Zone ranges:
[    0.000000]   DMA      [mem 0x0000000000001000-0x0000000000ffffff]
[    0.000000]   DMA32    [mem 0x0000000001000000-0x000000003ffeffff]
[    0.000000]   Normal   empty
[    0.000000]   Device   empty
[    0.000000] Movable zone start for each node
[    0.000000] Early memory node ranges
[    0.000000]   node   0: [mem 0x0000000000001000-0x000000000009efff]
[    0.000000]   node   0: [mem 0x0000000000100000-0x000000003ffeffff]
[    0.000000] Reserved but unavailable: 98 pages
[    0.000000] Initmem setup node 0 [mem 0x0000000000001000-0x000000003ffeffff]
[    0.000000] ACPI: PM-Timer IO Port: 0x4008
[    0.000000] IOAPIC[0]: apic_id 2, version 32, address 0xfec00000, GSI 0-23
[    0.000000] ACPI: INT_SRC_OVR (bus 0 bus_irq 0 global_irq 2 dfl dfl)
[    0.000000] ACPI: INT_SRC_OVR (bus 0 bus_irq 9 global_irq 9 low level)
[    0.000000] Using ACPI (MADT) for SMP configuration information
[    0.000000] smpboot: Allowing 2 CPUs, 0 hotplug CPUs
[    0.000000] PM: Registered nosave memory: [mem 0x00000000-0x00000fff]
[    0.000000] PM: Registered nosave memory: [mem 0x0009f000-0x0009ffff]
[    0.000000] PM: Registered nosave memory: [mem 0x000a0000-0x000effff]
[    0.000000] PM: Registered nosave memory: [mem 0x000f0000-0x000fffff]
[    0.000000] e820: [mem 0x40000000-0xfebfffff] available for PCI devices
[    0.000000] Booting paravirtualized kernel on KVM
[    0.000000] clocksource: refined-jiffies: mask: 0xffffffff max_cycles: 0xffffffff, max_idle_ns: 7645519600211568 ns
[    0.000000] random: get_random_bytes called from start_kernel+0x99/0x500 with crng_init=0
[    0.000000] setup_percpu: NR_CPUS:8192 nr_cpumask_bits:2 nr_cpu_ids:2 nr_node_ids:1
[    0.000000] percpu: Embedded 45 pages/cpu s147456 r8192 d28672 u1048576
[    0.000000] PV qspinlock hash table entries: 256 (order: 0, 4096 bytes)
[    0.000000] Built 1 zonelists, mobility grouping on.  Total pages: 257913
[    0.000000] Policy zone: DMA32
[    0.000000] Kernel command line: BOOT_IMAGE=/boot/vmlinuz-4.15.0-112-generic root=LABEL=cloudimg-rootfs ro console=tty1 console=ttyS0
[    0.000000] Memory: 983040K/1048120K available (12300K kernel code, 2481K rwdata, 4272K rodata, 2436K init, 2720K bss, 65080K reserved, 0K cma-reserved)
[    0.000000] SLUB: HWalign=64, Order=0-3, MinObjects=0, CPUs=2, Nodes=1
[    0.000000] Kernel/User page tables isolation: enabled
[    0.000000] ftrace: allocating 39378 entries in 154 pages
[    0.004000] Hierarchical RCU implementation.
[    0.004000] 	RCU restricting CPUs from NR_CPUS=8192 to nr_cpu_ids=2.
[    0.004000] 	Tasks RCU enabled.
[    0.004000] RCU: Adjusting geometry for rcu_fanout_leaf=16, nr_cpu_ids=2
[    0.004000] NR_IRQS: 524544, nr_irqs: 440, preallocated irqs: 16
[    0.004000] Console: colour VGA+ 80x25
[    0.004000] console [tty1] enabled
[    0.004000] console [ttyS0] enabled
[    0.004000] ACPI: Core revision 20170831
[    0.004000] ACPI: 2 ACPI AML tables successfully acquired and loaded
[    0.004000] APIC: Switch to symmetric I/O mode setup
[    0.004000] x2apic enabled
[    0.004014] Switched APIC routing to physical x2apic.
[    0.010918] ..TIMER: vector=0x30 apic1=0 pin1=2 apic2=-1 pin2=-1
[    0.012008] tsc: Detected 1512.005 MHz processor
[    0.015084] Calibrating delay loop (skipped) preset value.. 3024.01 BogoMIPS (lpj=6048020)
[    0.016008] pid_max: default: 32768 minimum: 301
[    0.018956] Security Framework initialized
[    0.020006] Yama: becoming mindful.
[    0.021847] AppArmor: AppArmor initialized
[    0.028100] Dentry cache hash table entries: 131072 (order: 8, 1048576 bytes)
[    0.032123] Inode-cache hash table entries: 65536 (order: 7, 524288 bytes)
[    0.036031] Mount-cache hash table entries: 2048 (order: 2, 16384 bytes)
[    0.040016] Mountpoint-cache hash table entries: 2048 (order: 2, 16384 bytes)
[    0.044688] Last level iTLB entries: 4KB 64, 2MB 8, 4MB 8
[    0.048006] Last level dTLB entries: 4KB 64, 2MB 0, 4MB 0, 1GB 4
[    0.051215] Spectre V1 : Mitigation: usercopy/swapgs barriers and __user pointer sanitization
[    0.052011] Spectre V2 : Mitigation: Full generic retpoline
[    0.056005] Spectre V2 : Spectre v2 / SpectreRSB mitigation: Filling RSB on context switch
[    0.060005] Speculative Store Bypass: Vulnerable
[    0.062330] SRBDS: Unknown: Dependent on hypervisor status
[    0.064004] MDS: Mitigation: Clear CPU buffers
[    0.068366] Freeing SMP alternatives memory: 36K
[    0.184247] smpboot: CPU0: Intel(R) Core(TM) m3-6Y30 CPU @ 0.90GHz (family: 0x6, model: 0x4e, stepping: 0x3)
[    0.188257] Performance Events: unsupported p6 CPU model 78 no PMU driver, software events only.
[    0.192126] Hierarchical SRCU implementation.
[    0.196769] NMI watchdog: Perf event create on CPU 0 failed with -2
[    0.200011] NMI watchdog: Perf NMI watchdog permanently disabled
[    0.204202] smp: Bringing up secondary CPUs ...
[    0.208254] x86: Booting SMP configuration:
[    0.212028] .... node  #0, CPUs:      #1
[    0.004000] kvm-clock: cpu 1, msr 0:3ff44041, secondary cpu clock
[    0.230295] smp: Brought up 1 node, 2 CPUs
[    0.232022] smpboot: Max logical packages: 1
[    0.236013] smpboot: Total of 2 processors activated (6048.02 BogoMIPS)
[    0.244009] devtmpfs: initialized
[    0.246784] x86/mm: Memory block size: 128MB
[    0.248443] evm: security.selinux
[    0.252008] evm: security.SMACK64
[    0.255071] evm: security.SMACK64EXEC
[    0.256007] evm: security.SMACK64TRANSMUTE
[    0.260008] evm: security.SMACK64MMAP
[    0.262248] evm: security.apparmor
[    0.264007] evm: security.ima
[    0.268007] evm: security.capability
[    0.276072] clocksource: jiffies: mask: 0xffffffff max_cycles: 0xffffffff, max_idle_ns: 7645041785100000 ns
[    0.284035] futex hash table entries: 512 (order: 3, 32768 bytes)
[    0.288143] pinctrl core: initialized pinctrl subsystem
[    0.292245] RTC time: 16:40:35, date: 07/27/20
[    0.296366] NET: Registered protocol family 16
[    0.300219] audit: initializing netlink subsys (disabled)
[    0.304065] audit: type=2000 audit(1595868042.819:1): state=initialized audit_enabled=0 res=1
[    0.308054] cpuidle: using governor ladder
[    0.308054] cpuidle: using governor menu
[    0.312005] ACPI: bus type PCI registered
[    0.316007] acpiphp: ACPI Hot Plug PCI Controller Driver version: 0.5
[    0.320274] PCI: Using configuration type 1 for base access
[    0.328051] HugeTLB registered 2.00 MiB page size, pre-allocated 0 pages
[    0.332186] ACPI: Added _OSI(Module Device)
[    0.332186] ACPI: Added _OSI(Processor Device)
[    0.336005] ACPI: Added _OSI(3.0 _SCP Extensions)
[    0.340061] ACPI: Added _OSI(Processor Aggregator Device)
[    0.344024] ACPI: Added _OSI(Linux-Dell-Video)
[    0.348042] ACPI: Added _OSI(Linux-Lenovo-NV-HDMI-Audio)
[    0.352020] ACPI: Added _OSI(Linux-HPI-Hybrid-Graphics)
[    0.356146] ACPI: Executed 1 blocks of module-level executable AML code
[    0.373922] ACPI: Interpreter enabled
[    0.376000] ACPI: (supports S0 S5)
[    0.380006] ACPI: Using IOAPIC for interrupt routing
[    0.380581] PCI: Using host bridge windows from ACPI; if necessary, use "pci=nocrs" and report a bug
[    0.388419] ACPI: Enabled 2 GPEs in block 00 to 07
[    0.414860] ACPI: PCI Root Bridge [PCI0] (domain 0000 [bus 00-ff])
[    0.420023] acpi PNP0A03:00: _OSC: OS supports [ASPM ClockPM Segments MSI]
[    0.424502] acpi PNP0A03:00: _OSC: not requesting OS control; OS requires [ExtendedConfig ASPM ClockPM MSI]
[    0.432044] acpi PNP0A03:00: fail to add MMCONFIG information, can't access extended PCI configuration space under this bridge.
[    0.437190] PCI host bridge to bus 0000:00
[    0.439728] pci_bus 0000:00: root bus resource [io  0x0000-0x0cf7 window]
[    0.444013] pci_bus 0000:00: root bus resource [io  0x0d00-0xffff window]
[    0.448022] pci_bus 0000:00: root bus resource [mem 0x000a0000-0x000bffff window]
[    0.456014] pci_bus 0000:00: root bus resource [mem 0x40000000-0xfdffffff window]
[    0.456027] pci_bus 0000:00: root bus resource [bus 00-ff]
[    0.467196] pci 0000:00:01.1: legacy IDE quirk: reg 0x10: [io  0x01f0-0x01f7]
[    0.472013] pci 0000:00:01.1: legacy IDE quirk: reg 0x14: [io  0x03f6]
[    0.476013] pci 0000:00:01.1: legacy IDE quirk: reg 0x18: [io  0x0170-0x0177]
[    0.480015] pci 0000:00:01.1: legacy IDE quirk: reg 0x1c: [io  0x0376]
[    0.514152] pci 0000:00:07.0: quirk: [io  0x4000-0x403f] claimed by PIIX4 ACPI
[    0.516075] pci 0000:00:07.0: quirk: [io  0x4100-0x410f] claimed by PIIX4 SMB
[    0.533031] ACPI: PCI Interrupt Link [LNKA] (IRQs 5 9 10 *11)
[    0.536873] ACPI: PCI Interrupt Link [LNKB] (IRQs 5 9 *10 11)
[    0.540275] ACPI: PCI Interrupt Link [LNKC] (IRQs 5 *9 10 11)
[    0.543383] ACPI: PCI Interrupt Link [LNKD] (IRQs 5 9 10 *11)
[    0.548940] SCSI subsystem initialized
[    0.548940] pci 0000:00:02.0: vgaarb: setting as boot VGA device
[    0.552004] pci 0000:00:02.0: vgaarb: VGA device added: decodes=io+mem,owns=io+mem,locks=none
[    0.556008] pci 0000:00:02.0: vgaarb: bridge control possible
[    0.556008] vgaarb: loaded
[    0.557265] ACPI: bus type USB registered
[    0.558959] usbcore: registered new interface driver usbfs
[    0.560019] usbcore: registered new interface driver hub
[    0.564031] usbcore: registered new device driver usb
[    0.568045] EDAC MC: Ver: 3.0.0
[    0.568418] PCI: Using ACPI for IRQ routing
[    0.572015] NetLabel: Initializing
[    0.572015] NetLabel:  domain hash size = 128
[    0.573731] NetLabel:  protocols = UNLABELED CIPSOv4 CALIPSO
[    0.576032] NetLabel:  unlabeled traffic allowed by default
[    0.580181] clocksource: Switched to clocksource kvm-clock
[    0.613478] VFS: Disk quotas dquot_6.6.0
[    0.615127] VFS: Dquot-cache hash table entries: 512 (order 0, 4096 bytes)
[    0.617855] AppArmor: AppArmor Filesystem Enabled
[    0.619667] pnp: PnP ACPI init
[    0.623462] pnp: PnP ACPI: found 3 devices
[    0.631488] clocksource: acpi_pm: mask: 0xffffff max_cycles: 0xffffff, max_idle_ns: 2085701024 ns
[    0.634915] NET: Registered protocol family 2
[    0.637073] TCP established hash table entries: 8192 (order: 4, 65536 bytes)
[    0.640686] TCP bind hash table entries: 8192 (order: 5, 131072 bytes)
[    0.649461] TCP: Hash tables configured (established 8192 bind 8192)
[    0.652499] UDP hash table entries: 512 (order: 2, 16384 bytes)
[    0.654769] UDP-Lite hash table entries: 512 (order: 2, 16384 bytes)
[    0.657353] NET: Registered protocol family 1
[    0.659068] pci 0000:00:00.0: Limiting direct PCI/PCI transfers
[    0.661441] pci 0000:00:01.0: Activating ISA DMA hang workarounds
[    0.663789] pci 0000:00:02.0: Video device with shadowed ROM at [mem 0x000c0000-0x000dffff]
[    0.667233] Unpacking initramfs...
[    1.325003] Freeing initrd memory: 19212K
[    1.327132] clocksource: tsc: mask: 0xffffffffffffffff max_cycles: 0x15cb6f4de09, max_idle_ns: 440795255206 ns
[    1.331303] platform rtc_cmos: registered platform RTC device (no PNP device found)
[    1.334566] Scanning for low memory corruption every 60 seconds
[    1.338098] Initialise system trusted keyrings
[    1.339981] Key type blacklist registered
[    1.342044] workingset: timestamp_bits=36 max_order=18 bucket_order=0
[    1.347151] zbud: loaded
[    1.349925] squashfs: version 4.0 (2009/01/31) Phillip Lougher
[    1.352739] fuse init (API version 7.26)
[    1.362943] Key type asymmetric registered
[    1.365106] Asymmetric key parser 'x509' registered
[    1.367633] Block layer SCSI generic (bsg) driver version 0.4 loaded (major 246)
[    1.371004] io scheduler noop registered
[    1.372677] io scheduler deadline registered
[    1.374947] io scheduler cfq registered (default)
[    1.378255] ACPI: AC Adapter [AC] (off-line)
[    1.380331] input: Power Button as /devices/LNXSYSTM:00/LNXPWRBN:00/input/input0
[    1.384422] ACPI: Power Button [PWRF]
[    1.386111] input: Sleep Button as /devices/LNXSYSTM:00/LNXSLPBN:00/input/input1
[    1.389320] ACPI: Sleep Button [SLPF]
[    1.391512] Serial: 8250/16550 driver, 32 ports, IRQ sharing enabled
[    1.393668] ACPI: Battery Slot [BAT0] (battery present)
[    1.417811] 00:02: ttyS0 at I/O 0x3f8 (irq = 4, base_baud = 115200) is a 16550A
[    1.423833] Linux agpgart interface v0.103
[    1.427330] loop: module loaded
[    1.429910] scsi host0: ata_piix
[    1.432296] scsi host1: ata_piix
[    1.434203] ata1: PATA max UDMA/33 cmd 0x1f0 ctl 0x3f6 bmdma 0xd000 irq 14
[    1.437567] ata2: PATA max UDMA/33 cmd 0x170 ctl 0x376 bmdma 0xd008 irq 15
[    1.441313] libphy: Fixed MDIO Bus: probed
[    1.443183] tun: Universal TUN/TAP device driver, 1.6
[    1.445487] PPP generic driver version 2.4.2
[    1.447475] ehci_hcd: USB 2.0 'Enhanced' Host Controller (EHCI) Driver
[    1.450364] ehci-pci: EHCI PCI platform driver
[    1.452353] ehci-platform: EHCI generic platform driver
[    1.454838] ohci_hcd: USB 1.1 'Open' Host Controller (OHCI) Driver
[    1.457450] ohci-pci: OHCI PCI platform driver
[    1.459261] ohci-platform: OHCI generic platform driver
[    1.461352] uhci_hcd: USB Universal Host Controller Interface driver
[    1.463994] i8042: PNP: PS/2 Controller [PNP0303:PS2K,PNP0f03:PS2M] at 0x60,0x64 irq 1,12
[    1.468418] serio: i8042 KBD port at 0x60,0x64 irq 1
[    1.470790] serio: i8042 AUX port at 0x60,0x64 irq 12
[    1.473045] mousedev: PS/2 mouse device common for all mice
[    1.475799] input: AT Translated Set 2 keyboard as /devices/platform/i8042/serio0/input/input2
[    1.481037] rtc_cmos rtc_cmos: rtc core: registered rtc_cmos as rtc0
[    1.483828] rtc_cmos rtc_cmos: alarms up to one day, 114 bytes nvram
[    1.486672] i2c /dev entries driver
[    1.488614] device-mapper: uevent: version 1.0.3
[    1.490681] device-mapper: ioctl: 4.37.0-ioctl (2017-09-20) initialised: dm-devel@redhat.com
[    1.494243] ledtrig-cpu: registered to indicate activity on CPUs
[    1.497790] NET: Registered protocol family 10
[    1.507020] Segment Routing with IPv6
[    1.508550] NET: Registered protocol family 17
[    1.510943] Key type dns_resolver registered
[    1.513282] mce: Using 0 MCE banks
[    1.514716] RAS: Correctable Errors collector initialized.
[    1.516917] sched_clock: Marking stable (1516879951, 0)->(2010777979, -493898028)
[    1.521438] registered taskstats version 1
[    1.523135] Loading compiled-in X.509 certificates
[    1.529442] Loaded X.509 cert 'Build time autogenerated kernel key: 1d4b83cbc5f7a3cd7e4471a5cf69d65d9314bdf5'
[    1.533660] zswap: loaded using pool lzo/zbud
[    1.542854] Key type big_key registered
[    1.545135] Key type trusted registered
[    1.551603] Key type encrypted registered
[    1.555089] AppArmor: AppArmor sha1 policy hashing enabled
[    1.559275] ima: No TPM chip found, activating TPM-bypass! (rc=-19)
[    1.564893] ima: Allocated hash algorithm: sha1
[    1.568193] evm: HMAC attrs: 0x1
[    1.572092]   Magic number: 12:864:692
[    1.575756] rtc_cmos rtc_cmos: setting system clock to 2020-07-27 16:40:36 UTC (1595868036)
[    1.582384] BIOS EDD facility v0.16 2004-Jun-25, 0 devices found
[    1.588654] EDD information not available.
[    1.692584] Freeing unused kernel image memory: 2436K
[    1.709115] Write protecting the kernel read-only data: 20480k
[    1.715312] Freeing unused kernel image memory: 2008K
[    1.721278] Freeing unused kernel image memory: 1872K
[    1.757149] x86/mm: Checked W+X mappings: passed, no W+X pages found.
[    1.762790] x86/mm: Checking user space page tables
[    1.795348] x86/mm: Checked W+X mappings: passed, no W+X pages found.
Loading, please wait...
starting version 237
[    2.062654] Fusion MPT base driver 3.04.20
[    2.064553] Copyright (c) 1999-2008 LSI Corporation
[    2.085981] e1000: Intel(R) PRO/1000 Network Driver - version 7.3.21-k8-NAPI
[    2.090863] e1000: Copyright (c) 1999-2006 Intel Corporation.
[    2.150735] Fusion MPT SPI Host driver 3.04.20
[    2.159133] mptbase: ioc0: Initiating bringup
[    2.167365] AVX2 version of gcm_enc/dec engaged.
[    2.170806] AES CTR mode by8 optimization enabled
[    2.269155] ioc0: LSI53C1030 A0: Capabilities={Initiator}
[    2.340699] input: ImExPS/2 Generic Explorer Mouse as /devices/platform/i8042/serio1/input/input4
[    2.533357] scsi host2: ioc0: LSI53C1030 A0, FwRev=00000000h, Ports=1, MaxQ=256, IRQ=20
[    2.709665] scsi 2:0:0:0: Direct-Access     VBOX     HARDDISK         1.0  PQ: 0 ANSI: 5
[    2.756242] scsi target2:0:0: Beginning Domain Validation
[    2.761450] scsi target2:0:0: Domain Validation skipping write tests
[    2.764111] scsi target2:0:0: Ending Domain Validation
[    2.766188] scsi target2:0:0: asynchronous
[    2.768994] scsi 2:0:1:0: Direct-Access     VBOX     HARDDISK         1.0  PQ: 0 ANSI: 5
[    3.152101] scsi target2:0:1: Beginning Domain Validation
[    3.155215] random: fast init done
[    3.158697] scsi target2:0:1: Domain Validation skipping write tests
[    3.162261] scsi target2:0:1: Ending Domain Validation
[    3.165550] scsi target2:0:1: asynchronous
[    3.180986] random: systemd-udevd: uninitialized urandom read (16 bytes read)
[    3.215309] sd 2:0:0:0: Attached scsi generic sg0 type 0
[    3.221427] sd 2:0:1:0: Attached scsi generic sg1 type 0
[    3.232355] sd 2:0:1:0: [sdb] 20480 512-byte logical blocks: (10.5 MB/10.0 MiB)
[    3.238045] sd 2:0:1:0: [sdb] Write Protect is off
[    3.242958] sd 2:0:1:0: [sdb] Incomplete mode parameter data
[    3.247890] sd 2:0:1:0: [sdb] Assuming drive cache: write through
[    3.247896] sd 2:0:0:0: [sda] 20971520 512-byte logical blocks: (10.7 GB/10.0 GiB)
[    3.257164] random: systemd-udevd: uninitialized urandom read (16 bytes read)
[    3.271282] random: systemd-udevd: uninitialized urandom read (16 bytes read)
[    3.281464] sd 2:0:1:0: [sdb] Attached SCSI disk
[    3.284267] sd 2:0:0:0: [sda] Write Protect is off
[    3.286708] sd 2:0:0:0: [sda] Incomplete mode parameter data
[    3.289851] sd 2:0:0:0: [sda] Assuming drive cache: write through
[    3.295974]  sda: sda1
[    3.298904] sd 2:0:0:0: [sda] Attached SCSI disk
[    3.343126] e1000 0000:00:03.0 eth0: (PCI:33MHz:32-bit) 02:28:76:2f:c2:b7
[    3.347386] e1000 0000:00:03.0 eth0: Intel(R) PRO/1000 Network Connection
[    3.355027] e1000 0000:00:03.0 enp0s3: renamed from eth0
Begin: Loading essential drivers ... [    5.492276] raid6: sse2x1   gen()  4155 MB/s
[    5.540396] raid6: sse2x1   xor()  3706 MB/s
[    5.588256] raid6: sse2x2   gen()  7409 MB/s
[    5.636504] raid6: sse2x2   xor()  5004 MB/s
[    5.684103] raid6: sse2x4   gen()  8365 MB/s
[    5.732154] raid6: sse2x4   xor()  5677 MB/s
[    5.780458] raid6: avx2x1   gen() 11123 MB/s
[    5.828448] raid6: avx2x1   xor()  7983 MB/s
[    5.876212] raid6: avx2x2   gen() 14208 MB/s
[    5.924023] raid6: avx2x2   xor()  8408 MB/s
[    5.972102] raid6: avx2x4   gen() 16594 MB/s
[    6.020089] raid6: avx2x4   xor() 10219 MB/s
[    6.021878] raid6: using algorithm avx2x4 gen() 16594 MB/s
[    6.024043] raid6: .... xor() 10219 MB/s, rmw enabled
[    6.026253] raid6: using avx2x2 recovery algorithm
[    6.030320] xor: automatically using best checksumming function   avx       
[    6.034773] async_tx: api initialized (async)
done.
Begin: Running /scripts/init-premount ... done.
Begin: Mounting root file system ... Begin: Running /scripts/local-top ... done.
Begin: Running /scripts/local-premount ... [    6.119394] Btrfs loaded, crc32c=crc32c-intel
Scanning for Btrfs filesystems
done.
Warning: fsck not present, so skipping root file system
[    6.180687] EXT4-fs (sda1): mounted filesystem with ordered data mode. Opts: (null)
done.
Begin: Running /scripts/local-bottom ... done.
Begin: Running /scripts/init-bottom ... done.
[    6.730963] ip_tables: (C) 2000-2006 Netfilter Core Team
[    6.779723] systemd[1]: systemd 237 running in system mode. (+PAM +AUDIT +SELINUX +IMA +APPARMOR +SMACK +SYSVINIT +UTMP +LIBCRYPTSETUP +GCRYPT +GNUTLS +ACL +XZ +LZ4 +SECCOMP +BLKID +ELFUTILS +KMOD -IDN2 +IDN -PCRE2 default-hierarchy=hybrid)
[    6.801545] systemd[1]: Detected virtualization oracle.
[    6.807563] systemd[1]: Detected architecture x86-64.

Welcome to [1mUbuntu 18.04.4 LTS[0m!

[    6.832404] systemd[1]: Set hostname to <ubuntu>.
[    6.851962] systemd[1]: Initializing machine ID from random generator.
[    6.856825] systemd[1]: Installed transient /etc/machine-id file.
[    7.712529] systemd[1]: Reached target User and Group Name Lookups.
[[0;32m  OK  [0m] Reached target User and Group Name Lookups.
[    7.722492] systemd[1]: Started Forward Password Requests to Wall Directory Watch.
[[0;32m  OK  [0m] Started Forward Password Requests to Wall Directory Watch.
[    7.741658] systemd[1]: Created slice User and Session Slice.
[[0;32m  OK  [0m] Created slice User and Session Slice.
[    7.765826] systemd[1]: Reached target System Time Synchronized.
[[0;32m  OK  [0m] Reached target System Time Synchronized.
[[0;32m  OK  [0m] Reached target Swap.
[[0;32m  OK  [0m] Set up automount Arbitrary Executabâ€¦rmats File System Automount Point.
[[0;32m  OK  [0m] Created slice System Slice.
[[0;32m  OK  [0m] Listening on /dev/initctl Compatibility Named Pipe.
[[0;32m  OK  [0m] Created slice system-serial\x2dgetty.slice.
[[0;32m  OK  [0m] Listening on LVM2 metadata daemon socket.
[[0;32m  OK  [0m] Listening on Syslog Socket.
[[0;32m  OK  [0m] Listening on udev Control Socket.
[[0;32m  OK  [0m] Listening on Journal Socket (/dev/log).
[[0;32m  OK  [0m] Listening on Journal Socket.
         Starting Set the console keyboard layout...
         Starting Load Kernel Modules...
[[0;32m  OK  [0m] Listening on Network Service Netlink Socket.
[[0;32m  OK  [0m] Reached target Slices.
[[0;32m  OK  [0m] Listening on Device-mapper event daemon FIFOs.
         Starting Monitoring of LVM2 mirrorsâ€¦ng dmeventd or progress polling...
[[0;32m  OK  [0m] Listening on Journal Audit Socket.
         Starting Journal Service...
         Starting Uncomplicated firewall...
         Mounting POSIX Message Queue File System...
         Mounting Kernel Debug File System...
[[0;32m  OK  [0m] Listening on LVM2 poll daemon socket.
         Starting Remount Root and Kernel File Systems...
[[0;32m  OK  [0m] Listening on udev Kernel Socket.
         Starting udev Coldplug all Devices...
         Mounting Huge Pages File System...
         Starting Create list of required stâ€¦ce nodes for the current kernel...
[    8.222672] Loading iSCSI transport class v2.0-870.
[[0;32m  OK  [0m] Started Uncomplicated firewall.
[[0;32m  OK  [0m] Started LVM2 metadata daemon.
[[0;32m  OK  [0m] Started Create list of required staâ€¦vice nodes for the current kernel.
         Starting Create Static Device Nodes in /dev...
[[0;32m  OK  [0m] Mounted POSIX Message Queue File System.
[[0;32m  OK  [0m] Mounted Huge Pages File System.
[[0;32m  OK  [0m] Mounted Kernel Debug File System.
[    8.433771] iscsi: registered transport (tcp)
[    8.457932] EXT4-fs (sda1): re-mounted. Opts: (null)
[[0;32m  OK  [0m] Started Remount Root and Kernel File Systems.
         Starting Load/Save Random Seed...
[[0;32m  OK  [0m] Started udev Coldplug all Devices.
[[0;32m  OK  [0m] Started Create Static Device Nodes in /dev.
[    8.524363] random: crng init done
[    8.526653] random: 7 urandom warning(s) missed due to ratelimiting
         Starting udev Kernel Device Manager...
[[0;32m  OK  [0m] Started Journal Service.
         Starting Flush Journal to Persistent Storage...
[[0;32m  OK  [0m] Started Load/Save Random Seed.
[[0;32m  OK  [0m] Started Monitoring of LVM2 mirrors,â€¦sing dmeventd or progress polling.
[[0;32m  OK  [0m] Started udev Kernel Device Manager.
[    8.640516] systemd-journald[390]: Received request to flush runtime journal from PID 1
[    8.700629] iscsi: registered transport (iser)
[[0;32m  OK  [0m] Started Load Kernel Modules.
         Mounting Kernel Configuration File System...
         Mounting FUSE Control File System...
         Starting Apply Kernel Variables...
[[0;32m  OK  [0m] Started Set the console keyboard layout.
[[0;32m  OK  [0m] Started Flush Journal to Persistent Storage.
[[0;32m  OK  [0m] Mounted Kernel Configuration File System.
[[0;32m  OK  [0m] Mounted FUSE Control File System.
[[0;32m  OK  [0m] Started Apply Kernel Variables.
[[0;32m  OK  [0m] Started Dispatch Password Requests to Console Directory Watch.
[[0;32m  OK  [0m] Reached target Local Encrypted Volumes.
[[0;32m  OK  [0m] Reached target Local File Systems (Pre).
[[0;32m  OK  [0m] Reached target Local File Systems.
         Starting Commit a transient machine-id on disk...
         Starting Tell Plymouth To Write Out Runtime Data...
         Starting ebtables ruleset management...
         Starting AppArmor initialization...
         Starting Create Volatile Files and Directories...
         Starting Set console font and keymap...
[[0;32m  OK  [0m] Started Tell Plymouth To Write Out Runtime Data.
[[0;32m  OK  [0m] Started Commit a transient machine-id on disk.
[[0;32m  OK  [0m] Started Set console font and keymap.
[[0;32m  OK  [0m] Started Create Volatile Files and Directories.
         Starting Update UTMP about System Boot/Shutdown...
[[0;32m  OK  [0m] Started Update UTMP about System Boot/Shutdown.
[[0;32m  OK  [0m] Started ebtables ruleset management.
[[0;32m  OK  [0m] Found device /dev/ttyS0.
[[0;32m  OK  [0m] Listening on Load/Save RF Kill Switch Status /dev/rfkill Watch.
[[0;32m  OK  [0m] Started AppArmor initialization.
         Starting Load AppArmor profiles managed internally by snapd...
         Starting Initial cloud-init job (pre-networking)...
[[0;32m  OK  [0m] Started Load AppArmor profiles managed internally by snapd.
[   16.734614] cloud-init[541]: Cloud-init v. 20.2-45-g5f7825e2-0ubuntu1~18.04.1 running 'init-local' at Mon, 27 Jul 2020 16:40:50 +0000. Up 15.67 seconds.
[[0;32m  OK  [0m] Started Initial cloud-init job (pre-networking).
[[0;32m  OK  [0m] Reached target Network (Pre).
         Starting Network Service...
[[0;32m  OK  [0m] Started Network Service.
         Starting Wait for Network to be Configured...
         Starting Network Name Resolution...
[[0;32m  OK  [0m] Started Network Name Resolution.
[[0;32m  OK  [0m] Reached target Network.
[[0;32m  OK  [0m] Reached target Host and Network Name Lookups.
[[0;32m  OK  [0m] Started Wait for Network to be Configured.
         Starting Initial cloud-init job (metadata service crawler)...
[   20.246522] cloud-init[647]: Cloud-init v. 20.2-45-g5f7825e2-0ubuntu1~18.04.1 running 'init' at Mon, 27 Jul 2020 16:40:54 +0000. Up 19.64 seconds.
[   20.252826] cloud-init[647]: ci-info: ++++++++++++++++++++++++++++++++++++++Net device info++++++++++++++++++++++++++++++++++++++
[   20.260744] cloud-init[647]: ci-info: +--------+------+----------------------------+---------------+--------+-------------------+
[   20.266370] cloud-init[647]: ci-info: | Device |  Up  |          Address           |      Mask     | Scope  |     Hw-Address    |
[   20.270954] cloud-init[647]: ci-info: +--------+------+----------------------------+---------------+--------+-------------------+
[   20.284596] cloud-init[647]: ci-info: | enp0s3 | True |         10.0.2.15          | 255.255.255.0 | global | 02:28:76:2f:c2:b7 |
[   20.300585] cloud-init[647]: ci-info: | enp0s3 | True | fe80::28:76ff:fe2f:c2b7/64 |       .       |  link  | 02:28:76:2f:c2:b7 |
[   20.316315] cloud-init[647]: ci-info: |   lo   | True |         127.0.0.1          |   255.0.0.0   |  host  |         .         |
[   20.319977] cloud-init[647]: ci-info: |   lo   | True |          ::1/128           |       .       |  host  |         .         |
[   20.323422] cloud-init[647]: ci-info: +--------+------+----------------------------+---------------+--------+-------------------+
[   20.327371] cloud-init[647]: ci-info: ++++++++++++++++++++++++++++Route IPv4 info+++++++++++++++++++++++++++++
[   20.330510] cloud-init[647]: ci-info: +-------+-------------+----------+-----------------+-----------+-------+
[   20.333938] cloud-init[647]: ci-info: | Route | Destination | Gateway  |     Genmask     | Interface | Flags |
[   20.348480] cloud-init[647]: ci-info: +-------+-------------+----------+-----------------+-----------+-------+
[   20.352847] cloud-init[647]: ci-info: |   0   |   0.0.0.0   | 10.0.2.2 |     0.0.0.0     |   enp0s3  |   UG  |
[   20.356710] cloud-init[647]: ci-info: |   1   |   10.0.2.0  | 0.0.0.0  |  255.255.255.0  |   enp0s3  |   U   |
[   20.359878] cloud-init[647]: ci-info: |   2   |   10.0.2.2  | 0.0.0.0  | 255.255.255.255 |   enp0s3  |   UH  |
[   20.363392] cloud-init[647]: ci-info: +-------+-------------+----------+-----------------+-----------+-------+
[   20.366594] cloud-init[647]: ci-info: +++++++++++++++++++Route IPv6 info+++++++++++++++++++
[   20.380514] cloud-init[647]: ci-info: +-------+-------------+---------+-----------+-------+
[   20.383659] cloud-init[647]: ci-info: | Route | Destination | Gateway | Interface | Flags |
[   20.386785] cloud-init[647]: ci-info: +-------+-------------+---------+-----------+-------+
[   20.400384] cloud-init[647]: ci-info: |   1   |  fe80::/64  |    ::   |   enp0s3  |   U   |
[   20.403889] cloud-init[647]: ci-info: |   3   |    local    |    ::   |   enp0s3  |   U   |
[   20.407372] cloud-init[647]: ci-info: |   4   |   ff00::/8  |    ::   |   enp0s3  |   U   |
[   20.411044] cloud-init[647]: ci-info: +-------+-------------+---------+-----------+-------+
[   21.738554] cloud-init[647]: Generating public/private rsa key pair.
[   21.741640] cloud-init[647]: Your identification has been saved in /etc/ssh/ssh_host_rsa_key.
[   21.746614] cloud-init[647]: Your public key has been saved in /etc/ssh/ssh_host_rsa_key.pub.
[   21.750862] cloud-init[647]: The key fingerprint is:
[   21.753468] cloud-init[647]: SHA256:J6nL83gAK1d/mEcEMyFbnKRdIMo4zL83j24MhxFHGxY root@ubuntu-bionic
[   21.769153] cloud-init[647]: The key's randomart image is:
[   21.771435] cloud-init[647]: +---[RSA 2048]----+
[   21.784678] cloud-init[647]: |     .E+O=.      |
[   21.787587] cloud-init[647]: | o o.o.Xo+.      |
[   21.789740] cloud-init[647]: |  = oo+ ..       |
[   21.791858] cloud-init[647]: |   oo .  ..      |
[   21.795266] cloud-init[647]: |    .* .S+.      |
[   21.798145] cloud-init[647]: |  . =.o.+oo      |
[   21.809213] cloud-init[647]: |   o.++. o       |
[   21.812019] cloud-init[647]: |     o+*.        |
[   21.815088] cloud-init[647]: |     o*+o        |
[   21.817731] cloud-init[647]: +----[SHA256]-----+
[   21.820597] cloud-init[647]: Generating public/private dsa key pair.
[   21.824132] cloud-init[647]: Your identification has been saved in /etc/ssh/ssh_host_dsa_key.
[   21.828726] cloud-init[647]: Your public key has been saved in /etc/ssh/ssh_host_dsa_key.pub.
[   21.832580] cloud-init[647]: The key fingerprint is:
[   21.834932] cloud-init[647]: SHA256:5fNmZ9Nlfq7Rsjy5YcAiDB2xLtMDIsDOjlkp+2e88iQ root@ubuntu-bionic
[   21.840741] cloud-init[647]: The key's randomart image is:
[   21.844087] cloud-init[647]: +---[DSA 1024]----+
[   21.847435] cloud-init[647]: |o       o.       |
[   21.849894] cloud-init[647]: | o     . o       |
[   21.852536] cloud-init[647]: |o ... o o .      |
[   21.856399] cloud-init[647]: |.oo. . * o .     |
[   21.859970] cloud-init[647]: |o=    o S + o   o|
[   21.862029] cloud-init[647]: |+.     o o + . =.|
[   21.864666] cloud-init[647]: | .E..       + O.=|
[   21.867002] cloud-init[647]: |  oo+      o =oB.|
[   21.869676] cloud-init[647]: |   =o.        =+.|
[   21.873311] cloud-init[647]: +----[SHA256]-----+
[[0;32m  OK  [0m] Started Initial cloud-init job (metadata service crawler).
[   21.880831] cloud-init[647]: Generating public/private ecdsa key pair.
[[0;32m  OK  [0m] Reached target Cloud-config availability.
[[0;32m  OK  [0m] Reached target System Initialization.
[   21.889253] [[0;32m  OK  [0m] Started Daily apt download activities.
[[0;32m  OK  [0m] Listening on ACPID Listen Socket.
cloud-init[647]: Your identification has been saved in /etc/ssh/ssh_host_ecdsa_key.         Starting LXD - unix socket.
[[0;32m  OK  [0m] Started Message of the Day.
[[0;32m  OK  [0m] Started Daily apt upgrade and clean activities.
[[0;32m  OK  [0m] Listening on UUID daemon activation socket.

[   21.924824] cloud-init         Starting Socket activation for snappy daemon.
[[0;32m  OK  [0m] Listening on Open-iSCSI iscsid Socket.
[[0;32m  OK  [0m] Started Daily Cleanup of Temporary Directories.
[[0;32m  OK  [0m] Started ACPI Events Check.
[[0;32m  OK  [0m] Reached target Paths.
[647]: [[0;32m  OK  [0m] Started Discard unused blocks once a week.
Your public key has been saved in /etc/ssh/ssh_host_ecdsa_key.pub.
[[0;32m  OK  [0m] Reached target Timers.
[   21.943950] [[0;32m  OK  [0m] Listening on D-Bus System Message Bus Socket.
[[0;32m  OK  [0m] Reached target Network is Online.
         Starting Availability of block devices...
[[0;32m  OK  [0m] Reached target Remote File Systems (Pre).
[[0;32m  OK  [0m] Reached target Remote File Systems.
[[0;32m  OK  [0m] Listening on LXD - unix socket.
[[0;32m  OK  [0m] Listening on Socket activation for snappy daemon.
[[0;32m  OK  [0m] Reached target Sockets.
[[0;32m  OK  [0m] Reached target Basic System.
cloud-init[647]: The key fingerprint is:
         Starting Pollinate to seed the pseudo random number generator...
[   21.974227] cloud-init         Starting Accounts Service...
[647]: SHA256:3nqaYgfONtTlNEnZ2AnbkTdwliPKC9sd/I7uc2eFuSU root@ubuntu-bionic         Starting Virtualbox guest utils...
[[0;32m  OK  [0m] Started D-Bus System Message Bus.

[   21.996239] cloud-init[647]: The key's randomart image is:
[   22.001283] cloud-init[647]: +---[ECDSA 256]---+
[   22.011195] cloud-init[647]: |          .*o+o. |
[   22.018627] cloud-init[647]: |          +o*+=  |
[   22.027157] cloud-init[647]: |         o.+.o o |
[   22.030541] cloud-init[647]: |        . B o    |
[   22.033565] cloud-init[647]: |       .SB + o o |
[   22.040410] cloud-init[647]: |      o.o.+ . E o|
[   22.047284] cloud-init[647]: |     + .. .  o +.|
[   22.049665] cloud-init[647]: |      B .o. o + o|
[   22.060767] cloud-init[647]: |     o ++o ooo o |
[   22.065022] cloud-init[647]: +----[SHA256]-----+
[   22.067756] cloud-init[647]: Generating public/private ed25519 key pair.
[   22.080940] cloud-init[647]: Your identification has been saved in /etc/ssh/ssh_host_ed25519_key.
[   22.089189] cloud-init[647]: Your public key has been saved in /etc/ssh/ssh_host_ed25519_key.pub.
[   22.094610] cloud-init[647]: The key fingerprint is:
[   22.097091] cloud-init[647]: SHA256:wpDF4Nnr7+g7mPKQGGBLoLzKil0rLjSpaNdqG7G6pEM root@ubuntu-bionic
[   22.101401] cloud-init[647]: The key's randomart image is:
[   22.104706] cloud-init[647]: +--[ED25519 256]--+
[   22.110137] cloud-init[647]: |.   .o.          |
[   22.119806] cloud-init[647]: |+  . =.          |
[   22.126078] cloud-init[647]: |o+  = .          |
[   22.131623] cloud-init[647]: |+ o  o .         |
[   22.140679] cloud-init[647]: |.o..  + S        |
[   22.208648] cloud-init[647]: |oE .o. .         |
[   22.218165] cloud-init[647]: |Bo+ooo.          |
[   22.236697] cloud-init[647]: |Xo+=+o.o         |
[   22.249174] cloud-init[647]: |=***=.++o        |
[   22.254682] cloud-init[647]: +----[SHA256]-----+
         Starting System Logging Service...
         Starting Login Service...
         Starting Permit User Sessions...
         Starting Dispatcher daemon for systemd-networkd...
[[0;32m  OK  [0m] Started irqbalance daemon.
[[0;32m  OK  [0m] Started FUSE filesystem for LXC.
         Starting LXD - container startup/shutdown...
         Starting LSB: Record successful boot for GRUB...
         Starting LSB: automatic crash report generation...
[[0;32m  OK  [0m] Started Regular background program processing daemon.
         Starting Snap Daemon...
[[0;32m  OK  [0m] Started Deferred execution scheduler.
[[0;32m  OK  [0m] Started System Logging Service.
[[0;32m  OK  [0m] Started Availability of block devices.
[[0;32m  OK  [0m] Started Permit User Sessions.
[[0;32m  OK  [0m] Started Login Service.
[[0;32m  OK  [0m] Started Unattended Upgrades Shutdown.
         Starting Authorization Manager...
         Starting Hold until boot process finishes up...
         Starting Terminate Plymouth Boot Screen...
[[0;32m  OK  [0m] Started Hold until boot process finishes up.
[[0;32m  OK  [0m] Started Terminate Plymouth Boot Screen.
[[0;32m  OK  [0m] Started Serial Getty on ttyS0.
         Starting Set console scheme...
[[0;32m  OK  [0m] Started LSB: automatic crash report generation.
[[0;32m  OK  [0m] Started Set console scheme.
[[0;32m  OK  [0m] Started LSB: Record successful boot for GRUB.
[[0;32m  OK  [0m] Created slice system-getty.slice.
[[0;32m  OK  [0m] Started Getty on tty1.
[[0;32m  OK  [0m] Reached target Login Prompts.
[[0;32m  OK  [0m] Started Authorization Manager.
[[0;32m  OK  [0m] Started Accounts Service.
[[0;32m  OK  [0m] Started Virtualbox guest utils.
[[0;32m  OK  [0m] Started LXD - container startup/shutdown.
[[0;32m  OK  [0m] Started Dispatcher daemon for systemd-networkd.
[[0;32m  OK  [0m] Started Pollinate to seed the pseudo random number generator.
         Starting OpenBSD Secure Shell server...
[[0;32m  OK  [0m] Started OpenBSD Secure Shell server.
[[0;32m  OK  [0m] Started Snap Daemon.
         Starting Wait until snapd is fully seeded...
[[0;32m  OK  [0m] Created slice User Slice of vagrant.
         Starting User Manager for UID 1000...
[[0;32m  OK  [0m] Started Session 1 of user vagrant.
[[0;32m  OK  [0m] Started Wait until snapd is fully seeded.
         Starting Apply the settings specified in cloud-config...
[[0;32m  OK  [0m] Reached target Multi-User System.
[[0;32m  OK  [0m] Reached target Graphical Interface.
         Starting Update UTMP about System Runlevel Changes...
[[0;32m  OK  [0m] Started Update UTMP about System Runlevel Changes.
[[0;32m  OK  [0m] Started User Manager for UID 1000.

Ubuntu 18.04.4 LTS ubuntu-bionic ttyS0

ubuntu-bionic login: [   30.128432] cloud-init[1099]: Cloud-init v. 20.2-45-g5f7825e2-0ubuntu1~18.04.1 running 'modules:config' at Mon, 27 Jul 2020 16:41:03 +0000. Up 28.46 seconds.
ci-info: no authorized SSH keys fingerprints found for user ubuntu.
<14>Jul 27 16:41:07 ec2: 
<14>Jul 27 16:41:07 ec2: #############################################################
<14>Jul 27 16:41:07 ec2: -----BEGIN SSH HOST KEY FINGERPRINTS-----
<14>Jul 27 16:41:07 ec2: 1024 SHA256:5fNmZ9Nlfq7Rsjy5YcAiDB2xLtMDIsDOjlkp+2e88iQ root@ubuntu-bionic (DSA)
<14>Jul 27 16:41:07 ec2: 256 SHA256:3nqaYgfONtTlNEnZ2AnbkTdwliPKC9sd/I7uc2eFuSU root@ubuntu-bionic (ECDSA)
<14>Jul 27 16:41:07 ec2: 256 SHA256:wpDF4Nnr7+g7mPKQGGBLoLzKil0rLjSpaNdqG7G6pEM root@ubuntu-bionic (ED25519)
<14>Jul 27 16:41:07 ec2: 2048 SHA256:J6nL83gAK1d/mEcEMyFbnKRdIMo4zL83j24MhxFHGxY root@ubuntu-bionic (RSA)
<14>Jul 27 16:41:07 ec2: -----END SSH HOST KEY FINGERPRINTS-----
<14>Jul 27 16:41:07 ec2: #############################################################
-----BEGIN SSH HOST KEY KEYS-----
ecdsa-sha2-nistp256 AAAAE2VjZHNhLXNoYTItbmlzdHAyNTYAAAAIbmlzdHAyNTYAAABBBJqTRd9DqA++p+5ojhwZGQVoEKI9TfTpDcV7E5KMU9f78Fqfon7Bg9VRRgHunCKgwbopeUU9L2i4fC8hclOwHeg= root@ubuntu-bionic
ssh-ed25519 AAAAC3NzaC1lZDI1NTE5AAAAIP9ElniMwv/hnNH1s5iHO3YOeTca/pPH+qDpQsYja/SN root@ubuntu-bionic
ssh-rsa AAAAB3NzaC1yc2EAAAADAQABAAABAQCq2Ewu7QPL6hvT7fQp2n6EsBfSO1SX0r+B9L5TrsMLqKY0kjngP0TDEFpPp5iZGivuJVik1u97jdU+AgFb9YAYaYq7AVC+3oIHI5bSWjf9r5DZASZjn+IJrEdsyQsWV3F1/QqdzOrkRH38dK8EK3mo6vLx49pcHBFrkR32lzheq028cJRNmcw/0eoLMpJgg6Umr7pDDe8EIloAPc1equl7AF5oKjUo5eHRq0bYGFlO/r5M84/ShwfI3M1bKsRyKErGIEE8jsOf9mL84bN7rvfUoXKReMIxPF7Djo2J2WUfhgm7rsFw89hEf2AXxztNFVDE3iXWIVsZs1cRIG3+2RUz root@ubuntu-bionic
-----END SSH HOST KEY KEYS-----
[   32.233644] cloud-init[1221]: Cloud-init v. 20.2-45-g5f7825e2-0ubuntu1~18.04.1 running 'modules:final' at Mon, 27 Jul 2020 16:41:06 +0000. Up 31.72 seconds.
[   32.233842] cloud-init[1221]: ci-info: no authorized SSH keys fingerprints found for user ubuntu.
[   32.234732] cloud-init[1221]: Cloud-init v. 20.2-45-g5f7825e2-0ubuntu1~18.04.1 finished at Mon, 27 Jul 2020 16:41:07 +0000. Datasource DataSourceNoCloud [seed=/dev/sdb][dsmode=net].  Up 32.21 seconds
